// Jest Snapshot v1, https://goo.gl/fbAQLP

exports[`ScoresList Input renders ScoresList component 1`] = `
<Fragment>
  <h1>
    Game Results
  </h1>
  <div>
    <h3>
      Scores
    </h3>
  </div>
  <div>
    <Link
      to="/"
    >
      <button>
        Home
      </button>
    </Link>
    <button>
      Play Again
    </button>
  </div>
</Fragment>
`;
