// Jest Snapshot v1, https://goo.gl/fbAQLP

exports[`LandingPage component renders App 1`] = `
<Fragment>
  <h1>
    Choose Nickname:
  </h1>
  <form
    onSubmit={[Function]}
  >
    <input
      name="nickname"
      onChange={[Function]}
      placeholder="nickname..."
      type="text"
      value=""
    />
    <button>
      Enter Game
    </button>
  </form>
</Fragment>
`;
