// Jest Snapshot v1, https://goo.gl/fbAQLP

exports[`LandingPage component renders App 1`] = `
<div
  className="LandingPage"
>
  <h1>
    Choose Nickname:
  </h1>
  <div
    className="Form"
  >
    <form
      onSubmit={[Function]}
    >
      <input
        name="nickname"
        onChange={[Function]}
        placeholder="nickname..."
        type="text"
        value=""
      />
      <button>
        Enter
      </button>
    </form>
  </div>
</div>
`;
