// Jest Snapshot v1, https://goo.gl/fbAQLP

exports[`StatusBar renders Status Bar component 1`] = `
<Fragment>
  <div
    className="StatusBar"
  >
    <div
      className="round"
    >
      Round
      <div
        className="roundColor"
      />
    </div>
    <div
      className="timerContainer"
    >
      timer
      <div
        className="timeColor"
      />
    </div>
    <div
      className="currentArtist"
    >
      Drawer
      <div
        className="drawerColor"
      />
    </div>
    <div
      className="colorPicker"
    >
      <label
        className="brushTitle"
        htmlFor="color"
      >
        Color
      </label>
      <input
        className="brushBar"
        id="color"
        name="color"
        type="color"
      />
    </div>
  </div>
</Fragment>
`;
