// Jest Snapshot v1, https://goo.gl/fbAQLP

exports[`StatusBar renders Status Bar component 1`] = `
<div
  className="StatusBar"
>
  <div
    className="round"
  >
    1 of 5
  </div>
  <div
    className="timerContainer"
  >
    timer
  </div>
  <div
    className="currentArtist"
  >
    Drawer: Danny
  </div>
  <div
    className="colorPicker"
  />
</div>
`;
